Document
    ↳ Paragraph
        ↳ Text - Text text.
    ↳ List - type: Ordered (start: 3)
        ↳ Item
            ↳ Paragraph
                ↳ Text - One
        ↳ Item
            ↳ Paragraph
                ↳ Text - Two
            ↳ List - type: Bullet
                ↳ Item
                    ↳ Paragraph
                        ↳ Text - Three
                ↳ Item
                    ↳ Paragraph
                        ↳ Text - Four
        ↳ Item
            ↳ Paragraph
                ↳ Text - Five
    ↳ Paragraph
        ↳ Text - Text text.
